  Wed Jun 14 2006 20:35                                                                                                  Page    1







               2500 A.D. 8051 Macro Assembler  -  Version 4.03c
               ------------------------------------------------

                       Input  Filename : t8.asm
                       Output Filename : t8.obj


    1                          	;t8.asm
    2                          	;counter 0000 to 9999 with ascii values, with interrupt
    3                          	;Interrupt based display driver
    4                          	;----------------------------------------------------------------------
    5   0000                   		CHIP 8052
    6                          		.list on
    7                          	;----------------------------------------------------------------------
    8                          	;Define byte variables...
    9                          	;Define byte variables...
   10          0030            	ds1:		EQU	30h	;location for displaying value on display1
   11          0031            	ds2:		EQU	31h	;location for displaying value on display2
   12          0032            	ds3:		EQU	32h	;location for displaying value on display3
   13          0033            	ds4:		EQU	33h	;location for displaying value on display4
   14                          	;
   15          0034            	dcount_1:	EQU	34h	;variable for generating delay
   16          0035            	dcount_2:	EQU	35h	;variable for generating delay
   17          0036            	dcount_3:	EQU	36h	;variable for generating delay
   18                          	;
   19          0037            	count:		EQU	37h	;
   20          0038            	scan_no:	EQU	38h
   21                          	;---------------------------------------------------
   22                          	;define imidiate values..
   23          0060            	top_of_stack:	EQU	60h
   24                          	;---------------------------------------------------
   25                          	;define bit variables here
   26          00A0            	sl1:	REG	P2.0		;display1
   27          00A1            	sl2:	REG	P2.1		;display2
   28          00A2            	sl3:	REG	P2.2		;display3
   29          00A3            	sl4:	REG	P2.3		;display4
   30                          	;----------------------------------------------------------------------
   31   0000                   		org 	0000h
   32   0000   02 00 2C        		jmp	main
   33                          	;----------------------------------------------------------------------
   34   0003                   		org     0003h
   35   0003   32              		reti			;ljmp	isr_i0
   36                          	;
   37   000B                   		org     000bh
   38   000B   02 00 70        		ljmp	isr_t0		;timer0 interrupt
   39                          	;
   40   0013                   		org     0013h
   41   0013   32              		reti			;ljmp    isr_i1
   42                          	;
   43   001B                   		org     001bh
   44   001B   32              		reti
   45                          		;ljmp	isr_t1		;timer1 interrupt
   46                          					;(isr_t1)baud rate for Usart
   47                          					;(...hence no Interrupt)
  Wed Jun 14 2006 20:35                                                                                                  Page    2




   48                          	;
   49   0023                   		org     0023h
   50   0023   32              	         reti
   51                          		;ljmp    isr_receive         ;Interrupt enabled only for receive.
   52                          	;
   53   002B                   		org     002bh
   54   002B   32              	         reti
   55                          		;ljmp    isr_t2
   56                          	;
   57                          	;----------------------------------------------------------------------
   58                          	
   59                          	;----------------------------------------------------------------------
   60   002C                   	main:
   61   002C   75 81 60        		mov	sp,#top_of_stack
   62   002F   12 00 4B        		call	init		;init timer,display,etc.
   63                          	;
   64   0032   D2 AF           		setb	ea		;enable all interupts
   65                          	;
   66   0034   12 01 8C        		call	test_display
   67                          	;
   68                          	;initilise the counter...
   69                          	
   70   0037   75 30 30        		mov	ds1,#"0"
   71   003A   75 31 30        		mov	ds2,#"0"
   72   003D   75 32 30        		mov	ds3,#"0"
   73   0040   75 33 30        		mov	ds4,#"0"
   74                          	;
   75   0043                   	l1_main:
   76   0043   12 01 AB        		call	wait_1sec
   77   0046   12 01 CB        		call	inc_d
   78   0049   01 43           		jmp	l1_main	
   79                          	;**********************************************************
   80                          	
   81                          	;----------------------------------------------------------------------
   82                          	;initialising routines done here...
   83                          	;----------------------------------------------------------------------
   84   004B                   	init:
   85                          	;--------------------------
   86   004B   75 38 00        		mov	scan_no,#00h
   87                          	;--------------------------
   88   004E   12 00 55        		call	init_display
   89                          	;--------------------------		
   90   0051   12 00 62        		call	init_timer0
   91                          	;--------------------------
   92   0054   22              		ret
   93                          	;----------------------------------------------------------------------
   94                          	
   95                          	;---------------------------------------------------
   96   0055                   	init_display:
   97   0055   75 30 3B        		mov	ds1,#"9"+2	;glow all segments
   98   0058   75 31 3B        		mov	ds2,#"9"+2
   99   005B   75 32 3B        		mov	ds3,#"9"+2
  100   005E   75 33 3B        		mov	ds4,#"9"+2
  101   0061   22              		ret
  102                          	;---------------------------------------------------
  103                          	
  104                          	
  Wed Jun 14 2006 20:35                                                                                                  Page    3




  105                          	;---------------------------------------------------
  106                          		;(89h)
  107                          		;TMOD-->GATE, C/T, M1,	M0, GATE, C/T, M1, M0, T/C (timer1,timer0)
  108                          		;init timer 0  for 1msec
  109   0062                   	init_timer0:
  110   0062   43 89 01        		orl	tmod,#01h		;t0 in 16 bit timer mode.
  111   0065   75 8A 66        		mov	tl0,#66h		;Init timer0 with count for 1msec.
  112   0068   75 8C FC        		mov	th0,#0fch		;count=0fc66h for 1msec.
  113   006B   D2 8C           		setb	tr0			;start timer 0.
  114   006D   D2 A9           	        setb	et0			;enable timer 0 Interrupt.
  115   006F   22              		ret 
  116                          	;---------------------------------------------------
  117                          	
  118                          	
  119                          	;---------------------------------------------------
  120   0070                   	isr_t0:
  121   0070   C0 E0           		push	a
  122   0072   C0 D0           		push	psw
  123   0074   C0 83           		push	dph
  124   0076   C0 82           		push	dpl
  125                          	;
  126                          	
  127   0078   11 62           		call	init_timer0
  128   007A   12 00 86        		call	scanner			;spoils a,psw,dptr
  129   007D                   	out_isr:
  130   007D   D0 82           		pop	dpl
  131   007F   D0 83           		pop	dph
  132   0081   D0 D0           		pop	psw
  133   0083   D0 E0           		pop	a
  134   0085   32              		reti
  135                          	;---------------------------------------------------
  136                          	
  137                          	
  138                          	
  139                          	;----------------------------------------------------------------------
  140   0086                   	scanner:	
  141                          	;---------------------------------------------------
  142   0086   E5 38           		mov	a,scan_no
  143                          	;---------------------------------------------------
  144                          	
  145                          	
  146                          	;-(0)------------------------------------------------------------------
  147   0088                   	zero:
  148   0088   B4 00 10        		cjne	a,#00d,one		;
  149                          	;----------------------------------------
  150                          	;key_output_line
  151   008B   C2 A0           		clr	sl1			;select display/row 1
  152   008D   D2 A1           		setb	sl2			;
  153   008F   D2 A2           		setb	sl3			;
  154   0091   D2 A3           		setb	sl4			;
  155                          	;----------------------------------------
  156   0093   12 01 45        		call	adisp1
  157                          	;----------------------------------------
  158   0096   75 38 01        		mov	scan_no,#01d
  159   0099   21 40           		ajmp	out_scanner
  160                          	;----------------------------------------------------------------------
  161                          	
  Wed Jun 14 2006 20:35                                                                                                  Page    4




  162                          	
  163                          	;-(1)------------------------------------------------------------------
  164   009B                   	one:
  165   009B   B4 01 05        		cjne	a,#01d,two		;
  166                          	;----------------------------------------
  167                          	;----------------------------------------
  168   009E   75 38 02        		mov	scan_no,#02d	
  169   00A1   21 40           		ajmp	out_scanner
  170                          	;----------------------------------------------------------------------
  171                          	
  172                          	
  173                          	;-(2)------------------------------------------------------------------
  174   00A3                   	two:
  175   00A3   B4 02 05        		cjne	a,#02d,three		;
  176                          	;----------------------------------------
  177                          	;----------------------------------------
  178   00A6   75 38 03        		mov	scan_no,#03d
  179   00A9   21 40           		ajmp	out_scanner
  180                          	;----------------------------------------------------------------------
  181                          	
  182                          	
  183                          	
  184                          	;-(3)------------------------------------------------------------------
  185   00AB                   	three:
  186   00AB   B4 03 08        		cjne	a,#03d,four		;
  187                          	;----------------------------------------
  188   00AE   12 01 41        		call	disp_blank
  189                          	;----------------------------------------
  190   00B1   75 38 04        		mov	scan_no,#04d
  191   00B4   21 40           		ajmp	out_scanner
  192                          	;----------------------------------------------------------------------
  193                          	
  194                          	
  195                          	
  196                          	;-(4)------------------------------------------------------------------
  197   00B6                   	four:
  198   00B6   B4 04 10        		cjne	a,#04d,five		;
  199                          	;----------------------------------------
  200                          	;key_output_line
  201   00B9   D2 A0           		setb	sl1			;
  202   00BB   C2 A1           		clr	sl2			;select display/row 2
  203   00BD   D2 A2           		setb	sl3			;
  204   00BF   D2 A3           		setb	sl4			;
  205                          	;----------------------------------------
  206   00C1   12 01 51        		call	adisp2
  207                          	;----------------------------------------
  208   00C4   75 38 05        		mov	scan_no,#05d
  209   00C7   21 40           		ajmp	out_scanner
  210                          	;----------------------------------------------------------------------
  211                          	
  212                          	
  213                          	
  214                          	;-(5)------------------------------------------------------------------
  215   00C9                   	five:
  216   00C9   B4 05 05        		cjne	a,#05d,six		;
  217                          	;----------------------------------------
  218                          	;----------------------------------------
  Wed Jun 14 2006 20:35                                                                                                  Page    5




  219   00CC   75 38 06        		mov	scan_no,#06d
  220   00CF   21 40           		ajmp	out_scanner
  221                          	;----------------------------------------------------------------------
  222                          	
  223                          	
  224                          	
  225                          	;-(6)------------------------------------------------------------------
  226   00D1                   	six:
  227   00D1   B4 06 05        		cjne	a,#06d,seven		;
  228                          	;----------------------------------------
  229                          	;----------------------------------------
  230   00D4   75 38 07        		mov	scan_no,#07d
  231   00D7   21 40           		ajmp	out_scanner
  232                          	;----------------------------------------------------------------------
  233                          	
  234                          	
  235                          	
  236                          	;-(7)------------------------------------------------------------------
  237   00D9                   	seven:
  238   00D9   B4 07 08        		cjne	a,#07d,eight		;
  239                          	;----------------------------------------
  240   00DC   12 01 41        		call	disp_blank
  241                          	;----------------------------------------
  242   00DF   75 38 08        		mov	scan_no,#08d
  243   00E2   21 40           		ajmp	out_scanner
  244                          	;----------------------------------------------------------------------
  245                          	
  246                          	
  247                          	
  248                          	;-(8)------------------------------------------------------------------
  249   00E4                   	eight:
  250   00E4   B4 08 10        		cjne	a,#08d,nine		;
  251                          	;----------------------------------------
  252                          	;key_output_line
  253   00E7   D2 A0           		setb	sl1			;
  254   00E9   D2 A1           		setb	sl2			;
  255   00EB   C2 A2           		clr	sl3			;select display/row 3
  256   00ED   D2 A3           		setb	sl4			;
  257                          	;----------------------------------------
  258   00EF   12 01 5D        		call	adisp3
  259                          	;----------------------------------------
  260   00F2   75 38 09        		mov	scan_no,#09d
  261   00F5   21 40           		ajmp	out_scanner
  262                          	;----------------------------------------------------------------------
  263                          	
  264                          	
  265                          	;-(9)------------------------------------------------------------------
  266   00F7                   	nine:
  267   00F7   B4 09 05        		cjne	a,#09d,ten		;
  268                          	;----------------------------------------
  269                          	;----------------------------------------
  270   00FA   75 38 0A        		mov	scan_no,#10d
  271   00FD   21 40           		ajmp	out_scanner
  272                          	;----------------------------------------------------------------------
  273                          	
  274                          	;-(10(a))--------------------------------------------------------------
  275   00FF                   	ten:
  Wed Jun 14 2006 20:35                                                                                                  Page    6




  276   00FF   B4 0A 05        		cjne	a,#10d,eleven		;
  277                          	;----------------------------------------
  278                          	;----------------------------------------
  279   0102   75 38 0B        		mov	scan_no,#11d
  280   0105   21 40           		ajmp	out_scanner
  281                          	;----------------------------------------------------------------------
  282                          	
  283                          	
  284                          	;-(11(b))--------------------------------------------------------------
  285   0107                   	eleven:
  286   0107   B4 0B 08        		cjne	a,#11d,twelve		;
  287                          	;----------------------------------------
  288   010A   12 01 41        		call	disp_blank
  289                          	;----------------------------------------
  290   010D   75 38 0C        		mov	scan_no,#12d
  291   0110   21 40           		ajmp	out_scanner
  292                          	;----------------------------------------------------------------------
  293                          	
  294                          	
  295                          	;-(12(c))--------------------------------------------------------------
  296   0112                   	twelve:
  297   0112   B4 0C 10        		cjne	a,#12d,thirteen		;
  298                          	;----------------------------------------
  299                          	;key_output_line
  300   0115   D2 A0           		setb	sl1			;
  301   0117   D2 A1           		setb	sl2			;
  302   0119   D2 A2           		setb	sl3			;
  303   011B   C2 A3           		clr	sl4			;select display/row 4
  304                          	;----------------------------------------
  305   011D   12 01 69        		call	adisp4
  306                          	;----------------------------------------
  307   0120   75 38 0D        		mov	scan_no,#13d
  308   0123   21 40           		ajmp	out_scanner
  309                          	;----------------------------------------------------------------------
  310                          	
  311                          	;-(13(d))--------------------------------------------------------------
  312   0125                   	thirteen:
  313   0125   B4 0D 05        		cjne	a,#13d,fourteen		;
  314                          	;----------------------------------------
  315                          	;----------------------------------------
  316   0128   75 38 0E        		mov	scan_no,#14d
  317   012B   21 40           		ajmp	out_scanner
  318                          	;----------------------------------------------------------------------
  319                          	
  320                          	;-(14(e))--------------------------------------------------------------
  321   012D                   	fourteen:
  322   012D   B4 0E 05        		cjne	a,#14d,fifteen		;
  323                          	;----------------------------------------
  324                          	;----------------------------------------
  325   0130   75 38 0F        		mov	scan_no,#15d
  326   0133   21 40           		ajmp	out_scanner
  327                          	;----------------------------------------------------------------------
  328                          	
  329                          	;-(15(f))--------------------------------------------------------------
  330   0135                   	fifteen:
  331   0135   B4 0F 03        		cjne	a,#15d,dummy		;
  332                          	;----------------------------------------
  Wed Jun 14 2006 20:35                                                                                                  Page    7




  333   0138   12 01 41        		call	disp_blank
  334                          	;----------------------------------------
  335   013B   75 38 00        	dummy:	mov	scan_no,#00d
  336   013E   21 40           		ajmp	out_scanner
  337                          	
  338                          	;----------------------------------------------------------------------
  339                          	
  340   0140                   	out_scanner:
  341                          	;	
  342   0140   22              		ret
  343                          	;-----------------------------------------------------------------------
  344                          	
  345                          	
  346                          	
  347                          	;----------------------------------------------------------------------
  348                          	;Subroutines here onwards...
  349                          	;disp_blank
  350                          	;adisp1,2,3,4
  351                          	;test_display
  352                          	;wait_1sec
  353                          	;wait_20ms
  354                          	;inc_d
  355                          	
  356                          	;---------------------------------------------------
  357   0141                   	disp_blank:
  358   0141   75 80 00        		mov 	p0,#00h
  359   0144   22              		ret
  360                          	
  361                          	;---------------------------------------------------
  362   0145                   	adisp1:
  363   0145   90 01 75        		mov 	dptr,#adisp_lut
  364   0148   E5 30           		mov 	a,ds1
  365   014A   C3              		clr	c
  366   014B   94 30           		subb	a,#"0"
  367   014D   93              		movc 	a,@a+dptr
  368   014E   F5 80           		mov 	p0,a
  369   0150   22              		ret
  370                          	
  371                          	;------------------------------------------
  372   0151                   	adisp2:
  373   0151   90 01 75        		mov 	dptr,#adisp_lut
  374   0154   E5 31           		mov 	a,ds2
  375   0156   C3              		clr	c
  376   0157   94 30           		subb	a,#"0"
  377   0159   93              		movc 	a,@a+dptr
  378   015A   F5 80           		mov 	p0,a
  379   015C   22              		ret
  380                          	
  381                          	;------------------------------------------
  382   015D                   	adisp3:
  383   015D   90 01 75        		mov 	dptr,#adisp_lut
  384   0160   E5 32           		mov 	a,ds3
  385   0162   C3              		clr	c
  386   0163   94 30           		subb	a,#"0"
  387   0165   93              		movc 	a,@a+dptr
  388   0166   F5 80           		mov 	p0,a
  389   0168   22              		ret
  Wed Jun 14 2006 20:35                                                                                                  Page    8




  390                          	
  391                          	;------------------------------------------
  392   0169                   	adisp4:
  393   0169   90 01 75        		mov 	dptr,#adisp_lut
  394   016C   E5 33           		mov 	a,ds4
  395   016E   C3              		clr	c
  396   016F   94 30           		subb	a,#"0"
  397   0171   93              		movc 	a,@a+dptr
  398   0172   F5 80           		mov 	p0,a
  399   0174   22              		ret
  400                          	;---------------------------------------------------
  401                          	
  402                          	;---------------------------------------------------
  403   0175                   	adisp_lut:
  404   0175   FC              		db 	11111100b	;0
  405   0176   60              		db 	01100000b	;1
  406   0177   DA              		db 	11011010b	;2
  407   0178   F2              		db 	11110010b	;3
  408   0179   66              		db 	01100110b	;4
  409   017A   B6              		db 	10110110b	;5
  410   017B   BE              		db 	10111110b	;6
  411   017C   E0              		db 	11100000b	;7
  412   017D   FE              		db 	11111110b	;8
  413   017E   F6              		db 	11110110b	;9
  414                          	;
  415   017F   00              		db	00000000b	;"9"+1 code for SPACE
  416   0180   FF              		db	11111111b	;3b
  417   0181   FF              		db	11111111b	;3c
  418   0182   FF              		db	11111111b	;3d
  419   0183   FF              		db	11111111b	;3e
  420   0184   FF              		db	11111111b	;3f
  421   0185   FF              		db	11111111b	;40
  422                          	;
  423   0186   EE              		db 	11101110b	;a
  424   0187   3E              		db 	00111110b	;b
  425   0188   9C              		db 	10011100b	;c
  426   0189   7A              		db 	01111010b	;d
  427   018A   9E              		db 	10011110b	;e			
  428   018B   8E              		db 	10001110b	;f
  429                          	
  430                          	;---------------------------------------------------
  431                          	
  432                          	;---------------------------------------------------
  433   018C                   	test_display:
  434   018C   75 30 3B        		mov	ds1,#"9"+2	;glow all segments
  435   018F   75 31 3B        		mov	ds2,#"9"+2
  436   0192   75 32 3B        		mov	ds3,#"9"+2
  437   0195   75 33 3B        		mov	ds4,#"9"+2
  438                          	;
  439   0198   12 01 AB        		call	wait_1sec
  440                          	;
  441   019B   75 30 3A        		mov	ds1,#"9"+1	;put off all segments
  442   019E   75 31 3A        		mov	ds2,#"9"+1
  443   01A1   75 32 3A        		mov	ds3,#"9"+1
  444   01A4   75 33 3A        		mov	ds4,#"9"+1
  445                          	;
  446   01A7   12 01 AB        		call	wait_1sec
  Wed Jun 14 2006 20:35                                                                                                  Page    9




  447                          	;
  448   01AA   22              		ret
  449                          	;---------------------------------------------------
  450                          	
  451                          	;--------------------------------------------------- 
  452   01AB                   	wait_1sec:
  453   01AB   75 36 07        		mov	dcount_3,#07d
  454   01AE   75 35 FF        	l2:	mov 	dcount_2,#0ffh
  455   01B1   75 34 FF        	l1:	mov 	dcount_1,#0ffh
  456   01B4   D5 34 FD        		djnz 	dcount_1,$
  457   01B7   D5 35 F7        		djnz 	dcount_2,l1
  458   01BA   D5 36 F1        		djnz 	dcount_3,l2
  459   01BD   22              		ret
  460                          	;---------------------------------------------------
  461                          	
  462                          	
  463                          	;---------------------------------------------------
  464   01BE                   	wait_20ms:
  465   01BE   75 35 55        		mov	dcount_2,#55h
  466   01C1   75 34 FF        		mov	dcount_1,#0ffh		;$-3-3
  467   01C4   D5 34 FD        		djnz	dcount_1,$		;$-3
  468   01C7   D5 35 F7        		djnz	dcount_2,$-3-3
  469   01CA   22              		ret
  470                          	;---------------------------------------------------
  471                          	
  472                          	
  473                          	
  474                          	;---------------------------------------------------
  475                          	;Increments value of ds4 ds3 ds2 ds1 considering as a single
  476                          	;four digit no from 0000 to 9999
  477   01CB                   	inc_d:
  478   01CB   05 30           		inc 	ds1
  479   01CD   E5 30           		mov 	a,ds1
  480   01CF   B4 3A 00        		cjne 	a,#"9"+1,$+3
  481   01D2   50 01           		jnc 	l1_id 
  482   01D4   22              		ret
  483                          	
  484                          	;------------------------------------------
  485   01D5   75 30 30        	l1_id:	mov 	ds1,#"0"
  486   01D8   05 31           		inc 	ds2
  487   01DA   E5 31           		mov 	a,ds2
  488   01DC   B4 3A 00        		cjne 	a,#"9"+1,$+3
  489   01DF   50 01           		jnc 	l2_id
  490   01E1   22              		ret
  491                          	
  492                          	;------------------------------------------
  493   01E2   75 31 30        	l2_id:	mov 	ds2,#"0"
  494   01E5   05 32           		inc 	ds3
  495   01E7   E5 32           		mov 	a,ds3
  496   01E9   B4 3A 00        		cjne 	a,#"9"+1,$+3 
  497   01EC   50 01           		jnc 	l3_id
  498   01EE   22              		ret
  499                          	
  500                          	;------------------------------------------
  501   01EF   75 32 30        	l3_id:	mov 	ds3,#"0"
  502   01F2   05 33           		inc 	ds4 
  503   01F4   E5 33           		mov 	a,ds4
  Wed Jun 14 2006 20:35                                                                                                  Page   10




  504   01F6   B4 3A 0C        		cjne 	a,#"9"+1,out_id
  505                          	;
  506   01F9   75 30 30        		mov	ds1,#"0"
  507   01FC   75 31 30        		mov	ds2,#"0"
  508   01FF   75 32 30        		mov	ds3,#"0"
  509   0202   75 33 30        		mov	ds4,#"0"
  510                          	;
  511   0205                   	out_id:
  512   0205   22              		ret
  513                          	;---------------------------------------------------
  514                          	
  515                          	
  516                          	;----------------------------------------------------------------------
  517   0206                   		end
  Wed Jun 14 2006 20:35                                                                                                  Page   11


Defined            Symbol Name             Value                References

  362    adisp1                             0145          156
  372    adisp2                             0151          206
  382    adisp3                             015D          258
  392    adisp4                             0169          305
  403    adisp_lut                          0175          363    373    383    393
  Pre    BSECT                              0000      
  Pre    CODE                               002B           31     34     37     40     43     49     53
   19    count                           =  0037      
  Pre    DATA                               0000      
   15    dcount_1                        =  0034          455    456    466    467
   16    dcount_2                        =  0035          454    457    465    468
   17    dcount_3                        =  0036          453    458
  357    disp_blank                         0141          188    240    288    333
   10    ds1                             =  0030           70     97    364    434    441    478    479    485    506
   11    ds2                             =  0031           71     98    374    435    442    486    487    493    507
   12    ds3                             =  0032           72     99    384    436    443    494    495    501    508
   13    ds4                             =  0033           73    100    394    437    444    502    503    509
  335    dummy                              013B          331
  249    eight                              00E4          238
  285    eleven                             0107          276
  330    fifteen                            0135          322
  215    five                               00C9          198
  197    four                               00B6          186
  321    fourteen                           012D          313
  477    inc_d                              01CB           77
   84    init                               004B           62
   96    init_display                       0055           88
  109    init_timer0                        0062           90    127
  120    isr_t0                             0070           38
  455    l1                                 01B1          457
  485    l1_id                              01D5          481
   75    l1_main                            0043           78
  454    l2                                 01AE          458
  493    l2_id                              01E2          489
  501    l3_id                              01EF          497
   60    main                               002C           32
  266    nine                               00F7          250
  164    one                                009B          148
  511    out_id                             0205          504
  129    out_isr                            007D      
  340    out_scanner                        0140          159    169    179    191    209    220    231    243    261    271    280
                                                          291    308    317    326    336
  Pre    RSECT                              0000      
  140    scanner                            0086          128
   20    scan_no                         =  0038           86    142    158    168    178    190    208    219    230    242    260
                                                          270    279    290    307    316    325    335
  237    seven                              00D9          227
  226    six                                00D1          216
   26    sl1                             =  00A0          151    201    253    300
   27    sl2                             =  00A1          152    202    254    301
   28    sl3                             =  00A2          153    203    255    302
   29    sl4                             =  00A3          154    204    256    303
  275    ten                                00FF          267
  433    test_display                       018C           66
  312    thirteen                           0125          297
  185    three                              00AB          175
   23    top_of_stack                    =  0060           61
  Wed Jun 14 2006 20:35                                                                                                  Page   12


Defined            Symbol Name             Value                References

  296    twelve                             0112          286
  174    two                                00A3          165
  452    wait_1sec                          01AB           76    439    446
  464    wait_20ms                          01BE      
  147    zero                               0088      




           Lines Assembled :  517             Assembly Errors :  0


